Xft2
adwaita-icon-theme
at-spi2-atk
at-spi2-core
atk
autoconf
automake
bison
bison-runtime
boost
bzip2
cairo
cctools
cmake
cppunit
cppzmq
curl
curl-ca-bundle
cython_select
db48
db60
dbus
desktop-file-utils
doxygen
exempi
expat
fftw-3
fftw-3-single
flac
flex
fontconfig
freetype
fribidi
gcc7
gcc_select
gd2
gdbm
gdk-pixbuf2
gettext
ghostscript
giflib
glib2
gmp
gnome-autoar
gnome-desktop
gobject-introspection
gperf
graphite2
graphviz
gsettings-desktop-schemas
gsl
gtk3
gts
harfbuzz
hicolor-icon-theme
icu
isl
iso-codes
jack
jasper
jbig2dec
jbigkit
jpeg
lcms2
ld64
ld64-latest
libLASi
libarchive
libcxx
libedit
libepoxy
libexif
libffi
libgcc
libgcc7
libgcc8
libiconv
libidn
libidn2
libmpc
libnetpbm
libogg
libpaper
libpixman
libpng
libpsl
librsvg
libsamplerate
libsdl
libsndfile
libtool
libunistring
libunwind-headers
libuv
libvorbis
libxml2
libxslt
llvm-4.0
llvm_select
log4cpp
lz4
lzo2
m4
mesa
mpfr
ncurses
netpbm
nosetests_select
openjpeg
openssl
ossp-uuid
pango
pcre
perl5
perl5.28
pkgconfig
popt
portaudio
psutils
py27-Pillow
py27-altgraph
py27-backports_abc
py27-beaker
py27-cairo
py27-certifi
py27-cheetah
py27-cycler
py27-cython
py27-dateutil
py27-functools32
py27-lxml
py27-macholib
py27-mako
py27-markupsafe
py27-matplotlib
py27-modulegraph
py27-monotonic
py27-nose
py27-numpy
py27-olefile
py27-opengl
py27-opengl-accelerate
py27-parsing
py27-py2app
py27-pyobjc
py27-pyobjc-cocoa
py27-setuptools
py27-singledispatch
py27-six
py27-subprocess32
py27-tkinter
py27-tornado
py27-tz
py38-beaker
py38-mako
py38-markdown
py38-markupsafe
py38-setuptools
python27
python2_select
python38
python3_select
python_select
qhull
readline
shared-mime-info
sqlite3
tcl
texinfo
tiff
tk
urw-fonts
vala
webp
xar
xkbcomp
xkeyboard-config
xorg-libX11
xorg-libXScrnSaver
xorg-libXau
xorg-libXaw
xorg-libXcomposite
xorg-libXcursor
xorg-libXdamage
xorg-libXdmcp
xorg-libXext
xorg-libXfixes
xorg-libXi
xorg-libXinerama
xorg-libXmu
xorg-libXrandr
xorg-libXt
xorg-libXtst
xorg-libXxf86vm
xorg-libice
xorg-libpthread-stubs
xorg-libsm
xorg-libxcb
xorg-libxkbfile
xorg-xcb-proto
xorg-xcb-util
xorg-xorgproto
xpm
xrender
xz
zlib
zmq
zstd
